
> somafrik-web@1.0.0 build
> tsc --noEmit && vite build

vite v5.4.21 building for production...
transforming...
Ô£ô 81 modules transformed.
rendering chunks...
computing gzip size...
dist/index.html                   0.56 kB Ôöé gzip:  0.35 kB
dist/assets/index-C08dPz2o.css   28.25 kB Ôöé gzip:  5.75 kB
dist/assets/index-BNjbVQK1.js   312.63 kB Ôöé gzip: 93.32 kB
Ô£ô built in 5.82s
